../Core/Src/main.c:81:5:main	8	static
../Core/Src/main.c:133:6:SystemClock_Config	88	static
../Core/Src/main.c:179:13:MX_ADC1_Init	24	static
../Core/Src/main.c:231:13:MX_I2C1_Init	8	static
../Core/Src/main.c:265:13:MX_I2S3_Init	8	static
../Core/Src/main.c:299:13:MX_SPI1_Init	8	static
../Core/Src/main.c:337:13:MX_TIM2_Init	32	static
../Core/Src/main.c:382:13:MX_GPIO_Init	56	static
../Core/Src/main.c:476:6:HAL_ADC_ConvCpltCallback	16	static
../Core/Src/main.c:492:6:Error_Handler	4	static,ignoring_inline_asm
